GPU: NVIDIA A40
CUTLASS available: True
batch_size=8, steps=50

============================================================
PART 1: Per-Layer Attention Conv1d Microbenchmarks
============================================================
(Benchmarking FP16 vs INT8-CUTLASS-baseline vs INT8-naive vs MoDiff)

  [res8_qkv_192→576]  Conv1d(192→576, L=1024, bs=8)
    FP16:                 0.169 ms  (1.00×)
    INT8 CUTLASS base         0.666 ms  (0.25×)
    INT8 naive (sim)          0.806 ms  (0.21×)
    MoDiff INT8 CUTLASS       0.711 ms  (0.24×)

  [res16_qkv_384→1152]  Conv1d(384→1152, L=256, bs=8)
    FP16:                 0.081 ms  (1.00×)
    INT8 CUTLASS base         0.390 ms  (0.21×)
    INT8 naive (sim)          0.544 ms  (0.15×)
    MoDiff INT8 CUTLASS       0.355 ms  (0.23×)

  [res32_qkv_768→2304]  Conv1d(768→2304, L=64, bs=8)
    FP16:                 0.085 ms  (1.00×)
    INT8 CUTLASS base         0.238 ms  (0.36×)
    INT8 naive (sim)          0.453 ms  (0.19×)
    MoDiff INT8 CUTLASS       0.205 ms  (0.42×)

  [res8_proj_192→192]  Conv1d(192→192, L=1024, bs=8)
    FP16:                 0.077 ms  (1.00×)
    INT8 CUTLASS base         0.362 ms  (0.21×)
    INT8 naive (sim)          0.568 ms  (0.14×)
    MoDiff INT8 CUTLASS       0.642 ms  (0.12×)

  [res16_proj_384→384]  Conv1d(384→384, L=256, bs=8)
    FP16:                 0.071 ms  (1.00×)
    INT8 CUTLASS base         0.319 ms  (0.22×)
    INT8 naive (sim)          0.440 ms  (0.16×)
    MoDiff INT8 CUTLASS       0.262 ms  (0.27×)

  [res32_proj_768→768]  Conv1d(768→768, L=64, bs=8)
    FP16:                 0.082 ms  (1.00×)
    INT8 CUTLASS base         0.238 ms  (0.35×)
    INT8 naive (sim)          0.406 ms  (0.20×)
    MoDiff INT8 CUTLASS       0.234 ms  (0.35×)

Results saved to integration/results/attn_baseline_benchmark.json
