
[SKIP_GNORM] Running FP32 ...
  fp32               skip_gnorm     881.6 ms/sample     4.41 ms/step  (wall 382s)

[SKIP_GNORM] Running FP16 ...
  fp16               skip_gnorm     253.0 ms/sample     1.26 ms/step  (wall 137s)

[SKIP_GNORM] Running INT8_BASELINE ...
  int8_baseline      skip_gnorm     257.1 ms/sample     1.29 ms/step  (wall 103s)

[SKIP_GNORM] Running INT4_BASELINE ...
  int4_baseline      skip_gnorm     240.3 ms/sample     1.20 ms/step  (wall 93s)

[SKIP_GNORM] Running INT8 ...
  int8               skip_gnorm     271.4 ms/sample     1.36 ms/step  (wall 100s)

[SKIP_GNORM] Running INT4 ...
  int4               skip_gnorm     253.8 ms/sample     1.27 ms/step  (wall 98s)

====================================================================================================
RESBLOCK INTERNAL DECOMPOSITION: T_GN  vs  T_Conv
====================================================================================================
GPU: NVIDIA A40 | steps=200 | batch=42 | samples=168

  T_GN   = T_full      - T_skip_gnorm   (GroupNorm+SiLU in each FusedResBlock)
  T_Conv = T_skip_gnorm - T_skip_res    (Conv2d 3×3 ×2 per ResBlock)
  T_O    = T_skip_both                  (Other: time_emb, decoder I/O, etc.)

  Mode                  T_full      T_sg      T_sr     T_GN   T_Conv   T_GN/T_R   T_Conv/T_R
------------------------------------------------------------------------------------------
  fp32                   925.7     881.6     366.8     44.1    514.7       7.9%       92.1%
  fp16                   305.3     253.0     107.8     52.4    145.1      26.5%       73.5%
  int8_baseline          304.9     257.1     113.5     47.8    143.7      25.0%       75.0%
  int4_baseline          284.8     240.3     107.6     44.5    132.7      25.1%       74.9%
  int8                   319.4     271.4     106.2     48.0    165.2      22.5%       77.5%
  int4                   302.2     253.8     108.9     48.4    144.9      25.0%       75.0%

====================================================================================================
PER-COMPONENT SPEEDUP vs FP32
====================================================================================================
  Mode                   T_GN   T_Conv   SpeedGN   SpeedConv
------------------------------------------------------------
  fp32                   44.1    514.7     1.00x       1.00x
  fp16                   52.4    145.1     0.84x       3.55x
  int8_baseline          47.8    143.7     0.92x       3.58x
  int4_baseline          44.5    132.7     0.99x       3.88x
  int8                   48.0    165.2     0.92x       3.12x
  int4                   48.4    144.9     0.91x       3.55x

Results saved to integration/results/skip_groupnorm_bs42_n168_s200.json
