
[FULL              ] Running FP16 ...
  ERROR (exit 1):
Traceback (most recent call last):
  File "/workspace/MoDiff/ldm/models/autoencoder.py", line 7, in <module>
    from taming.modules.vqvae.quantize import VectorQuantizer2 as VectorQuantizer
ModuleNotFoundError: No module named 'taming'

During handling of the above exception, another exception occurred:

Traceback (most recent call last):
  File "/workspace/MoDiff/integration/benchmarks/benchmark_ldm.py", line 899, in <module>
    main()
  File "/workspace/MoDiff/integration/benchmarks/benchmark_ldm.py", line 890, in main
    runner.run_mode(mode, args.num_samples, calibrate=not args.skip_calibration, force_recalibrate=args.force_recalibrate)
  File "/workspace/MoDiff/integration/benchmarks/benchmark_ldm.py", line 713, in run_mode
    model, sampler = self._setup_model(mode)
                     ^^^^^^^^^^^^^^^^^^^^^^^
  File "/workspace/MoDiff/integration/benchmarks/benchmark_ldm.py", line 305, in _setup_model
    model, _ = load_model(self.config_path, self.ckpt_path)
               ^^^^^^^^^^^^^^^^^^^^^^^^^^^^^^^^^^^^^^^^^^^^
  File "/workspace/MoDiff/integration/benchmarks/benchmark_ldm.py", line 154, in load_model
    model = instantiate_from_config(conf.model)
            ^^^^^^^^^^^^^^^^^^^^^^^^^^^^^^^^^^^
  File "/workspace/MoDiff/ldm/util.py", line 88, in instantiate_from_config
    return get_obj_from_str(config["target"])(**config.get("params", dict()))
           ^^^^^^^^^^^^^^^^^^^^^^^^^^^^^^^^^^
  File "/workspace/MoDiff/ldm/util.py", line 96, in get_obj_from_str
    return getattr(importlib.import_module(module, package=None), cls)
                   ^^^^^^^^^^^^^^^^^^^^^^^^^^^^^^^^^^^^^^^^^^^^^
  File "/usr/lib/python3.11/importlib/__init__.py", line 126, in import_module
    return _bootstrap._gcd_import(name[level:], package, level)
           ^^^^^^^^^^^^^^^^^^^^^^^^^^^^^^^^^^^^^^^^^^^^^^^^^^^^
  File "<frozen importlib._bootstrap>", line 1204, in _gcd_import
  File "<frozen importlib._bootstrap>", line 1176, in _find_and_load
  File "<frozen importlib._bootstrap>", line 1147, in _find_and_load_unlocked
  File "<frozen importlib._bootstrap>", line 690, in _load_unlocked
  File "<frozen importlib._bootstrap_external>", line 940, in exec_module
  File "<frozen importlib._bootstrap>", line 241, in _call_with_frames_removed
  File "/workspace/MoDiff/ldm/models/diffusion/ddpm.py", line 28, in <module>
    from ldm.models.autoencoder import VQModelInterface, IdentityFirstStage, AutoencoderKL
  File "/workspace/MoDiff/ldm/models/autoencoder.py", line 9, in <module>
    from taming.modules.vqvae.quantize import VectorQuantizer
ModuleNotFoundError: No module named 'taming'


[SKIP_ATTN         ] Running FP16 ...
  ERROR (exit 1):
Traceback (most recent call last):
  File "/workspace/MoDiff/ldm/models/autoencoder.py", line 7, in <module>
    from taming.modules.vqvae.quantize import VectorQuantizer2 as VectorQuantizer
ModuleNotFoundError: No module named 'taming'

During handling of the above exception, another exception occurred:

Traceback (most recent call last):
  File "/workspace/MoDiff/integration/benchmarks/benchmark_ldm.py", line 899, in <module>
    main()
  File "/workspace/MoDiff/integration/benchmarks/benchmark_ldm.py", line 890, in main
    runner.run_mode(mode, args.num_samples, calibrate=not args.skip_calibration, force_recalibrate=args.force_recalibrate)
  File "/workspace/MoDiff/integration/benchmarks/benchmark_ldm.py", line 713, in run_mode
    model, sampler = self._setup_model(mode)
                     ^^^^^^^^^^^^^^^^^^^^^^^
  File "/workspace/MoDiff/integration/benchmarks/benchmark_ldm.py", line 305, in _setup_model
    model, _ = load_model(self.config_path, self.ckpt_path)
               ^^^^^^^^^^^^^^^^^^^^^^^^^^^^^^^^^^^^^^^^^^^^
  File "/workspace/MoDiff/integration/benchmarks/benchmark_ldm.py", line 154, in load_model
    model = instantiate_from_config(conf.model)
            ^^^^^^^^^^^^^^^^^^^^^^^^^^^^^^^^^^^
  File "/workspace/MoDiff/ldm/util.py", line 88, in instantiate_from_config
    return get_obj_from_str(config["target"])(**config.get("params", dict()))
           ^^^^^^^^^^^^^^^^^^^^^^^^^^^^^^^^^^
  File "/workspace/MoDiff/ldm/util.py", line 96, in get_obj_from_str
    return getattr(importlib.import_module(module, package=None), cls)
                   ^^^^^^^^^^^^^^^^^^^^^^^^^^^^^^^^^^^^^^^^^^^^^
  File "/usr/lib/python3.11/importlib/__init__.py", line 126, in import_module
    return _bootstrap._gcd_import(name[level:], package, level)
           ^^^^^^^^^^^^^^^^^^^^^^^^^^^^^^^^^^^^^^^^^^^^^^^^^^^^
  File "<frozen importlib._bootstrap>", line 1204, in _gcd_import
  File "<frozen importlib._bootstrap>", line 1176, in _find_and_load
  File "<frozen importlib._bootstrap>", line 1147, in _find_and_load_unlocked
  File "<frozen importlib._bootstrap>", line 690, in _load_unlocked
  File "<frozen importlib._bootstrap_external>", line 940, in exec_module
  File "<frozen importlib._bootstrap>", line 241, in _call_with_frames_removed
  File "/workspace/MoDiff/ldm/models/diffusion/ddpm.py", line 28, in <module>
    from ldm.models.autoencoder import VQModelInterface, IdentityFirstStage, AutoencoderKL
  File "/workspace/MoDiff/ldm/models/autoencoder.py", line 9, in <module>
    from taming.modules.vqvae.quantize import VectorQuantizer
ModuleNotFoundError: No module named 'taming'


[SKIP_RES          ] Running FP16 ...
  ERROR (exit 1):
Traceback (most recent call last):
  File "/workspace/MoDiff/ldm/models/autoencoder.py", line 7, in <module>
    from taming.modules.vqvae.quantize import VectorQuantizer2 as VectorQuantizer
ModuleNotFoundError: No module named 'taming'

During handling of the above exception, another exception occurred:

Traceback (most recent call last):
  File "/workspace/MoDiff/integration/benchmarks/benchmark_ldm.py", line 899, in <module>
    main()
  File "/workspace/MoDiff/integration/benchmarks/benchmark_ldm.py", line 890, in main
    runner.run_mode(mode, args.num_samples, calibrate=not args.skip_calibration, force_recalibrate=args.force_recalibrate)
  File "/workspace/MoDiff/integration/benchmarks/benchmark_ldm.py", line 713, in run_mode
    model, sampler = self._setup_model(mode)
                     ^^^^^^^^^^^^^^^^^^^^^^^
  File "/workspace/MoDiff/integration/benchmarks/benchmark_ldm.py", line 305, in _setup_model
    model, _ = load_model(self.config_path, self.ckpt_path)
               ^^^^^^^^^^^^^^^^^^^^^^^^^^^^^^^^^^^^^^^^^^^^
  File "/workspace/MoDiff/integration/benchmarks/benchmark_ldm.py", line 154, in load_model
    model = instantiate_from_config(conf.model)
            ^^^^^^^^^^^^^^^^^^^^^^^^^^^^^^^^^^^
  File "/workspace/MoDiff/ldm/util.py", line 88, in instantiate_from_config
    return get_obj_from_str(config["target"])(**config.get("params", dict()))
           ^^^^^^^^^^^^^^^^^^^^^^^^^^^^^^^^^^
  File "/workspace/MoDiff/ldm/util.py", line 96, in get_obj_from_str
    return getattr(importlib.import_module(module, package=None), cls)
                   ^^^^^^^^^^^^^^^^^^^^^^^^^^^^^^^^^^^^^^^^^^^^^
  File "/usr/lib/python3.11/importlib/__init__.py", line 126, in import_module
    return _bootstrap._gcd_import(name[level:], package, level)
           ^^^^^^^^^^^^^^^^^^^^^^^^^^^^^^^^^^^^^^^^^^^^^^^^^^^^
  File "<frozen importlib._bootstrap>", line 1204, in _gcd_import
  File "<frozen importlib._bootstrap>", line 1176, in _find_and_load
  File "<frozen importlib._bootstrap>", line 1147, in _find_and_load_unlocked
  File "<frozen importlib._bootstrap>", line 690, in _load_unlocked
  File "<frozen importlib._bootstrap_external>", line 940, in exec_module
  File "<frozen importlib._bootstrap>", line 241, in _call_with_frames_removed
  File "/workspace/MoDiff/ldm/models/diffusion/ddpm.py", line 28, in <module>
    from ldm.models.autoencoder import VQModelInterface, IdentityFirstStage, AutoencoderKL
  File "/workspace/MoDiff/ldm/models/autoencoder.py", line 9, in <module>
    from taming.modules.vqvae.quantize import VectorQuantizer
ModuleNotFoundError: No module named 'taming'


[SKIP_ATTN+SKIP_RES] Running FP16 ...
  ERROR (exit 1):
Traceback (most recent call last):
  File "/workspace/MoDiff/ldm/models/autoencoder.py", line 7, in <module>
    from taming.modules.vqvae.quantize import VectorQuantizer2 as VectorQuantizer
ModuleNotFoundError: No module named 'taming'

During handling of the above exception, another exception occurred:

Traceback (most recent call last):
  File "/workspace/MoDiff/integration/benchmarks/benchmark_ldm.py", line 899, in <module>
    main()
  File "/workspace/MoDiff/integration/benchmarks/benchmark_ldm.py", line 890, in main
    runner.run_mode(mode, args.num_samples, calibrate=not args.skip_calibration, force_recalibrate=args.force_recalibrate)
  File "/workspace/MoDiff/integration/benchmarks/benchmark_ldm.py", line 713, in run_mode
    model, sampler = self._setup_model(mode)
                     ^^^^^^^^^^^^^^^^^^^^^^^
  File "/workspace/MoDiff/integration/benchmarks/benchmark_ldm.py", line 305, in _setup_model
    model, _ = load_model(self.config_path, self.ckpt_path)
               ^^^^^^^^^^^^^^^^^^^^^^^^^^^^^^^^^^^^^^^^^^^^
  File "/workspace/MoDiff/integration/benchmarks/benchmark_ldm.py", line 154, in load_model
    model = instantiate_from_config(conf.model)
            ^^^^^^^^^^^^^^^^^^^^^^^^^^^^^^^^^^^
  File "/workspace/MoDiff/ldm/util.py", line 88, in instantiate_from_config
    return get_obj_from_str(config["target"])(**config.get("params", dict()))
           ^^^^^^^^^^^^^^^^^^^^^^^^^^^^^^^^^^
  File "/workspace/MoDiff/ldm/util.py", line 96, in get_obj_from_str
    return getattr(importlib.import_module(module, package=None), cls)
                   ^^^^^^^^^^^^^^^^^^^^^^^^^^^^^^^^^^^^^^^^^^^^^
  File "/usr/lib/python3.11/importlib/__init__.py", line 126, in import_module
    return _bootstrap._gcd_import(name[level:], package, level)
           ^^^^^^^^^^^^^^^^^^^^^^^^^^^^^^^^^^^^^^^^^^^^^^^^^^^^
  File "<frozen importlib._bootstrap>", line 1204, in _gcd_import
  File "<frozen importlib._bootstrap>", line 1176, in _find_and_load
  File "<frozen importlib._bootstrap>", line 1147, in _find_and_load_unlocked
  File "<frozen importlib._bootstrap>", line 690, in _load_unlocked
  File "<frozen importlib._bootstrap_external>", line 940, in exec_module
  File "<frozen importlib._bootstrap>", line 241, in _call_with_frames_removed
  File "/workspace/MoDiff/ldm/models/diffusion/ddpm.py", line 28, in <module>
    from ldm.models.autoencoder import VQModelInterface, IdentityFirstStage, AutoencoderKL
  File "/workspace/MoDiff/ldm/models/autoencoder.py", line 9, in <module>
    from taming.modules.vqvae.quantize import VectorQuantizer
ModuleNotFoundError: No module named 'taming'


[FULL              ] Running INT8_BASELINE ...
  ERROR (exit 1):
Traceback (most recent call last):
  File "/workspace/MoDiff/ldm/models/autoencoder.py", line 7, in <module>
    from taming.modules.vqvae.quantize import VectorQuantizer2 as VectorQuantizer
ModuleNotFoundError: No module named 'taming'

During handling of the above exception, another exception occurred:

Traceback (most recent call last):
  File "/workspace/MoDiff/integration/benchmarks/benchmark_ldm.py", line 899, in <module>
    main()
  File "/workspace/MoDiff/integration/benchmarks/benchmark_ldm.py", line 890, in main
    runner.run_mode(mode, args.num_samples, calibrate=not args.skip_calibration, force_recalibrate=args.force_recalibrate)
  File "/workspace/MoDiff/integration/benchmarks/benchmark_ldm.py", line 713, in run_mode
    model, sampler = self._setup_model(mode)
                     ^^^^^^^^^^^^^^^^^^^^^^^
  File "/workspace/MoDiff/integration/benchmarks/benchmark_ldm.py", line 305, in _setup_model
    model, _ = load_model(self.config_path, self.ckpt_path)
               ^^^^^^^^^^^^^^^^^^^^^^^^^^^^^^^^^^^^^^^^^^^^
  File "/workspace/MoDiff/integration/benchmarks/benchmark_ldm.py", line 154, in load_model
    model = instantiate_from_config(conf.model)
            ^^^^^^^^^^^^^^^^^^^^^^^^^^^^^^^^^^^
  File "/workspace/MoDiff/ldm/util.py", line 88, in instantiate_from_config
    return get_obj_from_str(config["target"])(**config.get("params", dict()))
           ^^^^^^^^^^^^^^^^^^^^^^^^^^^^^^^^^^
  File "/workspace/MoDiff/ldm/util.py", line 96, in get_obj_from_str
    return getattr(importlib.import_module(module, package=None), cls)
                   ^^^^^^^^^^^^^^^^^^^^^^^^^^^^^^^^^^^^^^^^^^^^^
  File "/usr/lib/python3.11/importlib/__init__.py", line 126, in import_module
    return _bootstrap._gcd_import(name[level:], package, level)
           ^^^^^^^^^^^^^^^^^^^^^^^^^^^^^^^^^^^^^^^^^^^^^^^^^^^^
  File "<frozen importlib._bootstrap>", line 1204, in _gcd_import
  File "<frozen importlib._bootstrap>", line 1176, in _find_and_load
  File "<frozen importlib._bootstrap>", line 1147, in _find_and_load_unlocked
  File "<frozen importlib._bootstrap>", line 690, in _load_unlocked
  File "<frozen importlib._bootstrap_external>", line 940, in exec_module
  File "<frozen importlib._bootstrap>", line 241, in _call_with_frames_removed
  File "/workspace/MoDiff/ldm/models/diffusion/ddpm.py", line 28, in <module>
    from ldm.models.autoencoder import VQModelInterface, IdentityFirstStage, AutoencoderKL
  File "/workspace/MoDiff/ldm/models/autoencoder.py", line 9, in <module>
    from taming.modules.vqvae.quantize import VectorQuantizer
ModuleNotFoundError: No module named 'taming'


[SKIP_ATTN         ] Running INT8_BASELINE ...
  int8_baseline      skip_attn                226.3 ms/sample     1.13 ms/step

[SKIP_RES          ] Running INT8_BASELINE ...
  int8_baseline      skip_res                 301.7 ms/sample     1.51 ms/step

[SKIP_ATTN+SKIP_RES] Running INT8_BASELINE ...
  int8_baseline      skip_attn+skip_res       244.8 ms/sample     1.22 ms/step

[FULL              ] Running INT4_BASELINE ...
  int4_baseline      full                     283.8 ms/sample     1.42 ms/step

[SKIP_ATTN         ] Running INT4_BASELINE ...
  int4_baseline      skip_attn                204.5 ms/sample     1.02 ms/step

[SKIP_RES          ] Running INT4_BASELINE ...
  int4_baseline      skip_res                 281.4 ms/sample     1.41 ms/step

[SKIP_ATTN+SKIP_RES] Running INT4_BASELINE ...
  int4_baseline      skip_attn+skip_res       201.5 ms/sample     1.01 ms/step

[FULL              ] Running INT8 ...
  int8               full                     316.2 ms/sample     1.58 ms/step

[SKIP_ATTN         ] Running INT8 ...
  int8               skip_attn                241.2 ms/sample     1.21 ms/step

[SKIP_RES          ] Running INT8 ...
  int8               skip_res                 315.6 ms/sample     1.58 ms/step

[SKIP_ATTN+SKIP_RES] Running INT8 ...
  int8               skip_attn+skip_res       238.2 ms/sample     1.19 ms/step

[FULL              ] Running INT4 ...
  int4               full                     295.4 ms/sample     1.48 ms/step

[SKIP_ATTN         ] Running INT4 ...
  int4               skip_attn                216.3 ms/sample     1.08 ms/step

[SKIP_RES          ] Running INT4 ...
  int4               skip_res                 295.2 ms/sample     1.48 ms/step

[SKIP_ATTN+SKIP_RES] Running INT4 ...
  int4               skip_attn+skip_res       217.2 ms/sample     1.09 ms/step

==========================================================================================
SKIP NON-LINEAR (RESBLOCK) BENCHMARK — CLEAN (subprocess-isolated)
==========================================================================================
GPU: NVIDIA A40  |  steps=200  batch=42  samples=168

  Mode               Condition         ms/sample    ms/step   vs FP32    vs full
--------------------------------------------------------------------------------
  fp16               full                  ERROR
  fp16               skip_attn             ERROR
  fp16               skip_resblock         ERROR
  fp16               skip_both             ERROR

  int8_baseline      full                  ERROR
  int8_baseline      skip_attn             226.3       1.13         —      (ref)
  int8_baseline      skip_resblock         301.7       1.51         —      (ref)
  int8_baseline      skip_both             244.8       1.22         —      (ref)

  int4_baseline      full                  283.8       1.42         —      (ref)
  int4_baseline      skip_attn             204.5       1.02         —     +27.9%
  int4_baseline      skip_resblock         281.4       1.41         —      +0.8%
  int4_baseline      skip_both             201.5       1.01         —     +29.0%

  int8               full                  316.2       1.58         —      (ref)
  int8               skip_attn             241.2       1.21         —     +23.7%
  int8               skip_resblock         315.6       1.58         —      +0.2%
  int8               skip_both             238.2       1.19         —     +24.7%

  int4               full                  295.4       1.48         —      (ref)
  int4               skip_attn             216.3       1.08         —     +26.8%
  int4               skip_resblock         295.2       1.48         —      +0.1%
  int4               skip_both             217.2       1.09         —     +26.5%

==========================================================================================
LAYER COST DECOMPOSITION (ms/sample at batch_size=42)
==========================================================================================
  Mode                ResBlock (ms)   Attention (ms)   Other (ms)   Total (ms)
----------------------------------------------------------------------------
  fp16                                               data missing
  int8_baseline                                      data missing
  int4_baseline               3.0             79.9        201.5        283.8
  int8                        3.0             77.4        238.2        316.2
  int4                       -0.9             78.0        217.2        295.4

  Note: Other = time embedding, GroupNorm outside blocks, decoder input/output, etc.
        ResBlock + Attention + Other may not sum exactly to Total due to interaction
        effects (memory bandwidth, cache, kernel overlap).

Results saved to integration/results/skip_nonlinear_clean_bs42_n168_s200.json
