
[SKIP_GNORM] Running FP32 ...
  fp32               skip_gnorm     728.8 ms/sample     3.64 ms/step  (wall 351s)

[SKIP_GNORM] Running FP16 ...
  fp16               skip_gnorm     238.8 ms/sample     1.19 ms/step  (wall 137s)

[SKIP_GNORM] Running INT8_BASELINE ...
  int8_baseline      skip_gnorm     266.1 ms/sample     1.33 ms/step  (wall 96s)

[SKIP_GNORM] Running INT4_BASELINE ...
  int4_baseline      skip_gnorm     324.1 ms/sample     1.62 ms/step  (wall 106s)

[SKIP_GNORM] Running INT8 ...
  int8               skip_gnorm     279.7 ms/sample     1.40 ms/step  (wall 100s)

[SKIP_GNORM] Running INT4 ...
  int4               skip_gnorm     261.4 ms/sample     1.31 ms/step  (wall 90s)

====================================================================================================
RESBLOCK INTERNAL DECOMPOSITION: T_GN  vs  T_Conv
====================================================================================================
GPU: NVIDIA A40 | steps=200 | batch=84 | samples=84

  T_GN   = T_full      - T_skip_gnorm   (GroupNorm+SiLU in each FusedResBlock)
  T_Conv = T_skip_gnorm - T_skip_res    (Conv2d 3×3 ×2 per ResBlock)
  T_O    = T_skip_both                  (Other: time_emb, decoder I/O, etc.)

  Mode                  T_full      T_sg      T_sr     T_GN   T_Conv   T_GN/T_R   T_Conv/T_R
------------------------------------------------------------------------------------------
  fp32                   774.7     728.8     355.3     45.9    373.4      10.9%       89.1%
  fp16                   292.6     238.8     104.6     53.8    134.2      28.6%       71.4%
  int8_baseline          312.8     266.1     102.0     46.7    164.1      22.2%       77.8%
  int4_baseline          349.2     324.1     101.8     25.1    222.3      10.2%       89.8%
  int8                   326.3     279.7     103.1     46.6    176.7      20.9%       79.1%
  int4                   307.3     261.4     103.4     45.9    158.0      22.5%       77.5%

====================================================================================================
PER-COMPONENT SPEEDUP vs FP32
====================================================================================================
  Mode                   T_GN   T_Conv   SpeedGN   SpeedConv
------------------------------------------------------------
  fp32                   45.9    373.4     1.00x       1.00x
  fp16                   53.8    134.2     0.85x       2.78x
  int8_baseline          46.7    164.1     0.98x       2.28x
  int4_baseline          25.1    222.3     1.83x       1.68x
  int8                   46.6    176.7     0.98x       2.11x
  int4                   45.9    158.0     1.00x       2.36x

Results saved to integration/results/batchsize_skip_ablation_bs84/skip_groupnorm_bs84.json
